=== Starting Unit Tests Validation ===
[PASS] WebDevelopmentProject billing calculated correctly.
[PASS] MobileAppProject billing calculated correctly.
[PASS] DataScienceProject billing calculated correctly.
[PASS] DevelopmentTracker successfully steps from PLANNING to DEVELOPMENT.
[PASS] Billing accurately transitions between PARTIAL and PAID state.

=== Test Results: 5/5 Passed ===
